<html>
<body>
<pre>
<h1>µVision Build Log</h1>
<h2>Project:</h2>
F:\git\gitee\web\embeddedProgramming\ÖÇÄÜ·ÉÐÐÆ÷\µãÁÁLEDµÆ\·ÉÐÐÆ÷°æ\µãÁÁLEDµÆ\Project\LED.uvproj
Project File Date:  09/12/2023

<h2>Output:</h2>
Rebuild target 'Target 1'
compiling misc.c...
compiling stm32f10x_adc.c...
compiling stm32f10x_bkp.c...
compiling stm32f10x_can.c...
compiling stm32f10x_cec.c...
compiling stm32f10x_crc.c...
compiling stm32f10x_dac.c...
compiling stm32f10x_dbgmcu.c...
compiling stm32f10x_dma.c...
compiling stm32f10x_exti.c...
compiling stm32f10x_flash.c...
compiling stm32f10x_fsmc.c...
compiling stm32f10x_gpio.c...
compiling stm32f10x_i2c.c...
compiling stm32f10x_iwdg.c...
compiling stm32f10x_pwr.c...
compiling stm32f10x_rcc.c...
compiling stm32f10x_rtc.c...
compiling stm32f10x_sdio.c...
compiling stm32f10x_spi.c...
compiling stm32f10x_tim.c...
compiling stm32f10x_usart.c...
compiling stm32f10x_wwdg.c...
compiling main.c...
..\User\main.c(4): warning:  #177-D: function "Delay" was declared but never referenced
  static void Delay(uint16_t n)
..\User\main.c: 1 warning, 0 errors
compiling stm32f10x_it.c...
compiling system_stm32f10x.c...
compiling led.c...
compiling core_cm3.c...
assembling startup_stm32f10x_md.s...
linking...
Program Size: Code=2888 RO-data=268 RW-data=40 ZI-data=1632  
".\LED.axf" - 0 Error(s), 1 Warning(s).
Load "F:\\git\\gitee\\web\\embeddedProgramming\\ÖÇÄÜ·ÉÐÐÆ÷\\µãÁÁLEDµÆ\\·ÉÐÐÆ÷°æ\\µãÁÁLEDµÆ\\Project\\LED.axf" 
Set JLink Project File to "F:\git\gitee\web\embeddedProgramming\ÖÇÄÜ·ÉÐÐÆ÷\µãÁÁLEDµÆ\·ÉÐÐÆ÷°æ\µãÁÁLEDµÆ\Project\JLinkSettings.ini"
* JLink Info: Device "STM32F103C8" selected (64 KB flash, 20 KB RAM).
 
JLink info:
------------
DLL: V4.90 , compiled Jul 28 2014 10:35:20
Firmware: J-Link ARM-OB STM32 compiled Aug 22 2012 19:52:04
Hardware: V7.00
S/N : 305760245 
Feature(s) : RDI,FlashDL,FlashBP,JFlash,GDBFull 
 
* JLink Info: Found SWD-DP with ID 0x1BA01477
* JLink Info: Found SWD-DP with ID 0x1BA01477
* JLink Info: Found Cortex-M3 r2p1, Little endian.
* JLink Info: FPUnit: 6 code (BP) slots and 2 literal slots
* JLink Info: TPIU fitted.
ROMTableAddr = 0xE00FF003
 
Target info:
------------
Device: STM32F103C8
VTarget = 3.300V
State of Pins: 
TCK: 0, TDI: 0, TDO: 1, TMS: 0, TRES: 1, TRST: 1
Hardware-Breakpoints: 6
Software-Breakpoints: 8192
Watchpoints:          4
JTAG speed: 2000 kHz
 
Erase Done.
Programming Done.
Verify OK.
Load "F:\\git\\gitee\\web\\embeddedProgramming\\ÖÇÄÜ·ÉÐÐÆ÷\\µãÁÁLEDµÆ\\·ÉÐÐÆ÷°æ\\µãÁÁLEDµÆ\\Project\\LED.axf" 
Set JLink Project File to "F:\git\gitee\web\embeddedProgramming\ÖÇÄÜ·ÉÐÐÆ÷\µãÁÁLEDµÆ\·ÉÐÐÆ÷°æ\µãÁÁLEDµÆ\Project\JLinkSettings.ini"
* JLink Info: Device "STM32F103C8" selected (64 KB flash, 20 KB RAM).
 
JLink info:
------------
DLL: V4.90 , compiled Jul 28 2014 10:35:20
Firmware: J-Link ARM-OB STM32 compiled Aug 22 2012 19:52:04
Hardware: V7.00
S/N : 305760245 
Feature(s) : RDI,FlashDL,FlashBP,JFlash,GDBFull 
 
* JLink Info: Found SWD-DP with ID 0x1BA01477
* JLink Info: Found SWD-DP with ID 0x1BA01477
* JLink Info: Found Cortex-M3 r2p1, Little endian.
* JLink Info: FPUnit: 6 code (BP) slots and 2 literal slots
* JLink Info: TPIU fitted.
ROMTableAddr = 0xE00FF003
 
Target info:
------------
Device: STM32F103C8
VTarget = 3.300V
State of Pins: 
TCK: 0, TDI: 0, TDO: 1, TMS: 0, TRES: 1, TRST: 1
Hardware-Breakpoints: 6
Software-Breakpoints: 8192
Watchpoints:          4
JTAG speed: 2000 kHz
 
Erase Done.
Programming Done.
Verify OK.
Load "F:\\git\\gitee\\web\\embeddedProgramming\\ÖÇÄÜ·ÉÐÐÆ÷\\µãÁÁLEDµÆ\\·ÉÐÐÆ÷°æ\\µãÁÁLEDµÆ\\Project\\LED.axf" 
Set JLink Project File to "F:\git\gitee\web\embeddedProgramming\ÖÇÄÜ·ÉÐÐÆ÷\µãÁÁLEDµÆ\·ÉÐÐÆ÷°æ\µãÁÁLEDµÆ\Project\JLinkSettings.ini"
* JLink Info: Device "STM32F103C8" selected (64 KB flash, 20 KB RAM).
 
JLink info:
------------
DLL: V4.90 , compiled Jul 28 2014 10:35:20
Firmware: J-Link ARM-OB STM32 compiled Aug 22 2012 19:52:04
Hardware: V7.00
S/N : 305760245 
Feature(s) : RDI,FlashDL,FlashBP,JFlash,GDBFull 
 
* JLink Info: Found SWD-DP with ID 0x1BA01477
* JLink Info: Found SWD-DP with ID 0x1BA01477
* JLink Info: Found Cortex-M3 r2p1, Little endian.
* JLink Info: FPUnit: 6 code (BP) slots and 2 literal slots
* JLink Info: TPIU fitted.
ROMTableAddr = 0xE00FF003
 
Target info:
------------
Device: STM32F103C8
VTarget = 3.300V
State of Pins: 
TCK: 0, TDI: 0, TDO: 1, TMS: 0, TRES: 1, TRST: 1
Hardware-Breakpoints: 6
Software-Breakpoints: 8192
Watchpoints:          4
JTAG speed: 2000 kHz
 
Erase Done.
Programming Done.
Verify OK.
Load "F:\\git\\gitee\\web\\embeddedProgramming\\ÖÇÄÜ·ÉÐÐÆ÷\\µãÁÁLEDµÆ\\·ÉÐÐÆ÷°æ\\µãÁÁLEDµÆ\\Project\\LED.axf" 
Set JLink Project File to "F:\git\gitee\web\embeddedProgramming\ÖÇÄÜ·ÉÐÐÆ÷\µãÁÁLEDµÆ\·ÉÐÐÆ÷°æ\µãÁÁLEDµÆ\Project\JLinkSettings.ini"
* JLink Info: Device "STM32F103C8" selected (64 KB flash, 20 KB RAM).
 
JLink info:
------------
DLL: V4.90 , compiled Jul 28 2014 10:35:20
Firmware: J-Link ARM-OB STM32 compiled Aug 22 2012 19:52:04
Hardware: V7.00
S/N : 305760245 
Feature(s) : RDI,FlashDL,FlashBP,JFlash,GDBFull 
 
* JLink Info: Found SWD-DP with ID 0x1BA01477
* JLink Info: Found SWD-DP with ID 0x1BA01477
* JLink Info: Found Cortex-M3 r2p1, Little endian.
* JLink Info: FPUnit: 6 code (BP) slots and 2 literal slots
* JLink Info: TPIU fitted.
ROMTableAddr = 0xE00FF003
 
Target info:
------------
Device: STM32F103C8
VTarget = 3.300V
State of Pins: 
TCK: 0, TDI: 0, TDO: 1, TMS: 0, TRES: 1, TRST: 1
Hardware-Breakpoints: 6
Software-Breakpoints: 8192
Watchpoints:          4
JTAG speed: 2000 kHz
 
Erase Done.
Programming Done.
Verify OK.
</pre>
</body>
</html>
